16:39:20:139 [03996] | INFO  | Initializing crosire's ReShade version '4.9.1.1' (32-bit) built on '2021-09-11 12:46:12' loaded from "C:\Users\revad\Downloads\novetus-windows\clients\2011E\OPENGL32.dll" into "C:\Users\revad\Downloads\novetus-windows\clients\2011E\RobloxApp_server.exe" ...
16:39:20:195 [03996] | INFO  | Registering hooks for "user32.dll" ...
16:39:20:196 [03996] | INFO  | > Libraries loaded.
16:39:20:197 [03996] | INFO  | > Found 14 match(es). Installing ...
16:39:20:241 [03996] | INFO  | Registering hooks for "ws2_32.dll" ...
16:39:20:242 [03996] | INFO  | > Libraries loaded.
16:39:20:242 [03996] | INFO  | > Found 8 match(es). Installing ...
16:39:20:286 [03996] | INFO  | Registering hooks for "C:\WINDOWS\system32\d2d1.dll" ...
16:39:20:286 [03996] | INFO  | > Delayed.
16:39:20:287 [03996] | INFO  | Registering hooks for "C:\WINDOWS\system32\d3d9.dll" ...
16:39:20:287 [03996] | INFO  | > Libraries loaded.
16:39:20:287 [03996] | INFO  | > Found 9 match(es). Installing ...
16:39:20:338 [03996] | INFO  | Registering hooks for "C:\WINDOWS\system32\d3d10.dll" ...
16:39:20:339 [03996] | INFO  | > Delayed.
16:39:20:339 [03996] | INFO  | Registering hooks for "C:\WINDOWS\system32\d3d10_1.dll" ...
16:39:20:340 [03996] | INFO  | > Delayed.
16:39:20:340 [03996] | INFO  | Registering hooks for "C:\WINDOWS\system32\d3d11.dll" ...
16:39:20:340 [03996] | INFO  | > Libraries loaded.
16:39:20:340 [03996] | INFO  | > Found 2 match(es). Installing ...
16:39:20:384 [03996] | INFO  | Registering hooks for "C:\WINDOWS\system32\d3d12.dll" ...
16:39:20:385 [03996] | INFO  | > Delayed.
16:39:20:385 [03996] | INFO  | Registering hooks for "C:\WINDOWS\system32\dxgi.dll" ...
16:39:20:386 [03996] | INFO  | > Libraries loaded.
16:39:20:386 [03996] | INFO  | > Found 5 match(es). Installing ...
16:39:20:432 [03996] | INFO  | Registering hooks for "C:\WINDOWS\system32\opengl32.dll" ...
16:39:20:432 [03996] | INFO  | > Delayed until first call to an exported function.
16:39:20:433 [03996] | INFO  | Registering hooks for "vrclient.dll" ...
16:39:20:433 [03996] | INFO  | > Delayed.
16:39:20:433 [03996] | INFO  | Initialized.
16:39:20:435 [03996] | INFO  | Redirecting wglChoosePixelFormat(hdc = 540111F9, ppfd = 0019C8E8) ...
16:39:20:435 [03996] | INFO  | > Dumping pixel format descriptor:
16:39:20:436 [03996] | INFO  |   +-----------------------------------------+-----------------------------------------+
16:39:20:437 [03996] | INFO  |   | Name                                    | Value                                   |
16:39:20:437 [03996] | INFO  |   +-----------------------------------------+-----------------------------------------+
16:39:20:437 [03996] | INFO  |   | Flags                                   | 0x25                                    |
16:39:20:438 [03996] | INFO  |   | ColorBits                               | 16                                      |
16:39:20:438 [03996] | INFO  |   | DepthBits                               | 15                                      |
16:39:20:438 [03996] | INFO  |   | StencilBits                             | 0                                       |
16:39:20:438 [03996] | INFO  |   +-----------------------------------------+-----------------------------------------+
16:39:20:441 [03996] | INFO  | Installing export hooks for "C:\WINDOWS\system32\opengl32.dll" ...
16:39:20:442 [03996] | INFO  | > Found 360 match(es). Installing ...
16:39:20:460 [03996] | INFO  | > Returning pixel format: 5
16:39:20:460 [03996] | INFO  | Redirecting wglSetPixelFormat(hdc = 540111F9, iPixelFormat = 5, ppfd = 0019C8E8) ...
16:39:20:462 [03996] | INFO  | Redirecting wglCreateContext(hdc = 540111F9) ...
16:39:20:462 [03996] | INFO  | > Passing on to wglCreateLayerContext:
16:39:20:462 [03996] | INFO  | Redirecting wglCreateLayerContext(hdc = 540111F9, iLayerPlane = 0) ...
16:39:20:478 [03996] | ERROR | Failed to install hook for glBindBuffersBase with status code 8!
16:39:20:479 [03996] | ERROR | Failed to install hook for glBindBuffersRange with status code 8!
16:39:20:479 [03996] | ERROR | Failed to install hook for glBindImageTextures with status code 8!
16:39:20:479 [03996] | ERROR | Failed to install hook for glBindTextureUnit with status code 8!
16:39:20:480 [03996] | ERROR | Failed to install hook for glBindTextures with status code 8!
16:39:20:480 [03996] | ERROR | Failed to install hook for glBindVertexBuffers with status code 8!
16:39:20:481 [03996] | ERROR | Failed to install hook for glBlitNamedFramebuffer with status code 8!
16:39:20:481 [03996] | ERROR | Failed to install hook for glClearNamedFramebufferfv with status code 8!
16:39:20:481 [03996] | ERROR | Failed to install hook for glClearNamedFramebufferfi with status code 8!
16:39:20:482 [03996] | ERROR | Failed to install hook for glCompressedTextureSubImage1D with status code 8!
16:39:20:482 [03996] | ERROR | Failed to install hook for glCompressedTextureSubImage2D with status code 8!
16:39:20:482 [03996] | ERROR | Failed to install hook for glCompressedTextureSubImage3D with status code 8!
16:39:20:483 [03996] | ERROR | Failed to install hook for glCopyImageSubData with status code 8!
16:39:20:483 [03996] | ERROR | Failed to install hook for glCopyNamedBufferSubData with status code 8!
16:39:20:483 [03996] | ERROR | Failed to install hook for glCopyTextureSubImage1D with status code 8!
16:39:20:483 [03996] | ERROR | Failed to install hook for glCopyTextureSubImage2D with status code 8!
16:39:20:484 [03996] | ERROR | Failed to install hook for glCopyTextureSubImage3D with status code 8!
16:39:20:484 [03996] | ERROR | Failed to install hook for glGenerateTextureMipmap with status code 8!
16:39:20:485 [03996] | ERROR | Failed to install hook for glNamedBufferData with status code 8!
16:39:20:485 [03996] | ERROR | Failed to install hook for glNamedBufferStorage with status code 8!
16:39:20:486 [03996] | ERROR | Failed to install hook for glNamedBufferSubData with status code 8!
16:39:20:486 [03996] | ERROR | Failed to install hook for glNamedFramebufferRenderbuffer with status code 8!
16:39:20:486 [03996] | ERROR | Failed to install hook for glNamedFramebufferTexture with status code 8!
16:39:20:486 [03996] | ERROR | Failed to install hook for glNamedRenderbufferStorage with status code 8!
16:39:20:487 [03996] | ERROR | Failed to install hook for glNamedRenderbufferStorageMultisample with status code 8!
16:39:20:487 [03996] | ERROR | Failed to install hook for glTextureBuffer with status code 8!
16:39:20:488 [03996] | ERROR | Failed to install hook for glTextureBufferRange with status code 8!
16:39:20:488 [03996] | ERROR | Failed to install hook for glTextureStorage1D with status code 8!
16:39:20:488 [03996] | ERROR | Failed to install hook for glTextureStorage2D with status code 8!
16:39:20:489 [03996] | ERROR | Failed to install hook for glTextureStorage2DMultisample with status code 8!
16:39:20:489 [03996] | ERROR | Failed to install hook for glTextureStorage3D with status code 8!
16:39:20:489 [03996] | ERROR | Failed to install hook for glTextureStorage3DMultisample with status code 8!
16:39:20:489 [03996] | ERROR | Failed to install hook for glTextureSubImage1D with status code 8!
16:39:20:490 [03996] | ERROR | Failed to install hook for glTextureSubImage2D with status code 8!
16:39:20:490 [03996] | ERROR | Failed to install hook for glTextureSubImage3D with status code 8!
16:39:20:490 [03996] | ERROR | Failed to install hook for glTextureView with status code 8!
16:39:20:541 [03996] | ERROR | Your graphics card does not seem to support OpenGL 4.3. Initialization failed.
16:39:20:541 [03996] | INFO  | Redirecting wglChoosePixelFormatARB(hdc = 540111F9, piAttribIList = 0A57D6E4, pfAttribFList = 00000000, nMaxFormats = 256, piFormats = 0019CA10, nNumFormats = 0019C8CC) ...
16:39:20:541 [03996] | INFO  | > Dumping attributes:
16:39:20:542 [03996] | INFO  |   +-----------------------------------------+-----------------------------------------+
16:39:20:542 [03996] | INFO  |   | Attribute                               | Value                                   |
16:39:20:542 [03996] | INFO  |   +-----------------------------------------+-----------------------------------------+
16:39:20:543 [03996] | INFO  |   | WGL_DRAW_TO_WINDOW_ARB                  | TRUE                                    |
16:39:20:543 [03996] | INFO  |   | WGL_SUPPORT_OPENGL_ARB                  | TRUE                                    |
16:39:20:543 [03996] | INFO  |   | WGL_DOUBLE_BUFFER_ARB                   | TRUE                                    |
16:39:20:544 [03996] | INFO  |   | WGL_SAMPLE_BUFFERS_ARB                  | 1                                       |
16:39:20:544 [03996] | INFO  |   | WGL_ACCELERATION_ARB                    | 0x2027                                  |
16:39:20:544 [03996] | INFO  |   | WGL_SAMPLES_ARB                         | 2                                       |
16:39:20:544 [03996] | INFO  |   +-----------------------------------------+-----------------------------------------+
16:39:20:546 [03996] | INFO  | > Returning pixel format(s): 12 14 16 17 19 21 23
16:39:20:546 [03996] | INFO  | Redirecting wglDeleteContext(hglrc = 00010000) ...
16:39:20:636 [03996] | INFO  | Redirecting wglChoosePixelFormat(hdc = 8F011184, ppfd = 0019CB00) ...
16:39:20:636 [03996] | INFO  | > Dumping pixel format descriptor:
16:39:20:637 [03996] | INFO  |   +-----------------------------------------+-----------------------------------------+
16:39:20:637 [03996] | INFO  |   | Name                                    | Value                                   |
16:39:20:637 [03996] | INFO  |   +-----------------------------------------+-----------------------------------------+
16:39:20:638 [03996] | INFO  |   | Flags                                   | 0x25                                    |
16:39:20:638 [03996] | INFO  |   | ColorBits                               | 24                                      |
16:39:20:638 [03996] | INFO  |   | DepthBits                               | 24                                      |
16:39:20:639 [03996] | INFO  |   | StencilBits                             | 8                                       |
16:39:20:639 [03996] | INFO  |   +-----------------------------------------+-----------------------------------------+
16:39:20:641 [03996] | INFO  | > Returning pixel format: 5
16:39:20:641 [03996] | INFO  | Redirecting wglSetPixelFormat(hdc = 8F011184, iPixelFormat = 5, ppfd = 0019CB00) ...
16:39:20:642 [03996] | INFO  | Redirecting wglCreateContext(hdc = 8F011184) ...
16:39:20:642 [03996] | INFO  | > Passing on to wglCreateLayerContext:
16:39:20:643 [03996] | INFO  | Redirecting wglCreateLayerContext(hdc = 8F011184, iLayerPlane = 0) ...
16:39:20:657 [03996] | ERROR | Your graphics card does not seem to support OpenGL 4.3. Initialization failed.
16:39:26:622 [03996] | INFO  | Redirecting CreateDXGIFactory(riid = {7B7166EC-21C7-44AE-B21A-C9AE321AE369}, ppFactory = 0019F358) ...
16:39:26:623 [03996] | INFO  | > Passing on to CreateDXGIFactory1:
16:39:26:623 [03996] | INFO  | Redirecting CreateDXGIFactory1(riid = {7B7166EC-21C7-44AE-B21A-C9AE321AE369}, ppFactory = 0019F358) ...
16:39:26:628 [03996] | INFO  | Redirecting D3D11CreateDevice(pAdapter = 059695C0, DriverType = 0, Software = 00000000, Flags = 0, pFeatureLevels = 0019F4C4, FeatureLevels = 6, SDKVersion = 7, ppDevice = 05BA94F4, pFeatureLevel = 0019F31C, ppImmediateContext = 00000000) ...
16:39:26:629 [03996] | INFO  | > Passing on to D3D11CreateDeviceAndSwapChain:
16:39:26:629 [03996] | INFO  | Redirecting D3D11CreateDeviceAndSwapChain(pAdapter = 059695C0, DriverType = 0, Software = 00000000, Flags = 0, pFeatureLevels = 0019F4C4, FeatureLevels = 6, SDKVersion = 7, pSwapChainDesc = 00000000, ppSwapChain = 00000000, ppDevice = 05BA94F4, pFeatureLevel = 0019F31C, ppImmediateContext = 00000000) ...
16:39:26:656 [03996] | INFO  | > Using feature level 0xb000.
16:39:26:662 [03996] | INFO  | Searching for add-ons (*.addon) in "C:\Users\revad\Downloads\novetus-windows\clients\2011E" ...
16:39:27:834 [03996] | INFO  | Redirecting RegisterClassA(lpWndClass = 0019FBB4 { Afx:00400000:8:00010003:00000000:00000000 }) ...
16:39:27:835 [03996] | INFO  | > Adding 'CS_OWNDC' window class style flag to 'Afx:00400000:8:00010003:00000000:00000000'.
16:39:36:881 [03996] | INFO  | Redirecting RegisterClassA(lpWndClass = 0019FA40 { Afx:00400000:820:00010003:00000000:00000000 }) ...
16:39:39:720 [03996] | INFO  | Redirecting RegisterClassA(lpWndClass = 0019FA38 { XTPPopupBar }) ...
16:39:39:721 [03996] | INFO  | > Adding 'CS_OWNDC' window class style flag to 'XTPPopupBar'.
16:43:06:357 [03996] | INFO  | Redirecting RegisterClassA(lpWndClass = 0019F9FC { Afx:00400000:0:00010003:00000000:00000000 }) ...
16:43:06:357 [03996] | INFO  | > Adding 'CS_OWNDC' window class style flag to 'Afx:00400000:0:00010003:00000000:00000000'.
16:44:12:414 [03996] | INFO  | Redirecting wglDeleteContext(hglrc = 00020000) ...
16:44:12:728 [03996] | INFO  | Exiting ...
16:44:12:728 [03996] | INFO  | Uninstalling 509 hook(s) ...
16:44:13:769 [03996] | INFO  | Finished exiting.
