13:03:53:686 [01192] | INFO  | Initializing crosire's ReShade version '4.9.1.1' (32-bit) built on '2021-09-11 12:46:12' loaded from "C:\Users\revad\Downloads\Launcher\mods\2006S-Shaders By Bitl\OPENGL32.dll" into "C:\Users\revad\Downloads\Launcher\mods\2006S-Shaders By Bitl\RobloxApp_client.exe" ...
13:03:53:753 [01192] | INFO  | Registering hooks for "user32.dll" ...
13:03:53:754 [01192] | INFO  | > Libraries loaded.
13:03:53:756 [01192] | INFO  | > Found 14 match(es). Installing ...
13:03:53:823 [01192] | INFO  | Registering hooks for "ws2_32.dll" ...
13:03:53:824 [01192] | INFO  | > Libraries loaded.
13:03:53:825 [01192] | INFO  | > Found 8 match(es). Installing ...
13:03:53:892 [01192] | INFO  | Registering hooks for "C:\WINDOWS\system32\d2d1.dll" ...
13:03:53:894 [01192] | INFO  | > Delayed.
13:03:53:894 [01192] | INFO  | Registering hooks for "C:\WINDOWS\system32\d3d9.dll" ...
13:03:53:896 [01192] | INFO  | > Delayed.
13:03:53:896 [01192] | INFO  | Registering hooks for "C:\WINDOWS\system32\d3d10.dll" ...
13:03:53:897 [01192] | INFO  | > Delayed.
13:03:53:899 [01192] | INFO  | Registering hooks for "C:\WINDOWS\system32\d3d10_1.dll" ...
13:03:53:900 [01192] | INFO  | > Delayed.
13:03:53:900 [01192] | INFO  | Registering hooks for "C:\WINDOWS\system32\d3d11.dll" ...
13:03:53:901 [01192] | INFO  | > Delayed.
13:03:53:901 [01192] | INFO  | Registering hooks for "C:\WINDOWS\system32\d3d12.dll" ...
13:03:53:902 [01192] | INFO  | > Delayed.
13:03:53:902 [01192] | INFO  | Registering hooks for "C:\WINDOWS\system32\dxgi.dll" ...
13:03:53:903 [01192] | INFO  | > Delayed.
13:03:53:904 [01192] | INFO  | Registering hooks for "C:\WINDOWS\system32\opengl32.dll" ...
13:03:53:904 [01192] | INFO  | > Delayed until first call to an exported function.
13:03:53:904 [01192] | INFO  | Registering hooks for "vrclient.dll" ...
13:03:53:905 [01192] | INFO  | > Delayed.
13:03:53:905 [01192] | INFO  | Initialized.
13:03:54:033 [01192] | INFO  | Redirecting RegisterClassA(lpWndClass = 0019FE1C { ROBLOX-ATOM }) ...
13:03:54:034 [01192] | INFO  | > Adding 'CS_OWNDC' window class style flag to 'ROBLOX-ATOM'.
13:03:54:134 [01192] | INFO  | Redirecting RegisterClassExA(lpWndClassEx = 008822A8 { Roblox.Marshaller }) ...
13:03:54:134 [01192] | INFO  | > Adding 'CS_OWNDC' window class style flag to 'Roblox.Marshaller'.
13:03:54:137 [01192] | INFO  | Installing delayed hooks for "C:\WINDOWS\system32\dxgi.dll" (Just loaded via LoadLibrary("kernel32.dll")) ...
13:03:54:138 [01192] | INFO  | > Found 5 match(es). Installing ...
13:03:54:235 [01192] | INFO  | Redirecting RegisterClassA(lpWndClass = 0019FC6C { XTPDockingPaneSplitter }) ...
13:03:54:236 [01192] | INFO  | > Adding 'CS_OWNDC' window class style flag to 'XTPDockingPaneSplitter'.
13:03:54:236 [01192] | INFO  | Redirecting RegisterClassA(lpWndClass = 0019FC60 { XTPDockingPaneTabbedContainer }) ...
13:03:54:237 [01192] | INFO  | > Adding 'CS_OWNDC' window class style flag to 'XTPDockingPaneTabbedContainer'.
13:03:54:237 [01192] | INFO  | Redirecting RegisterClassA(lpWndClass = 0019FC54 { XTPDockingPaneManager }) ...
13:03:54:237 [01192] | INFO  | > Adding 'CS_OWNDC' window class style flag to 'XTPDockingPaneManager'.
13:03:54:238 [01192] | INFO  | Redirecting RegisterClassA(lpWndClass = 0019FC48 { XTPDockingPaneAutoHidePanel }) ...
13:03:54:238 [01192] | INFO  | > Adding 'CS_OWNDC' window class style flag to 'XTPDockingPaneAutoHidePanel'.
13:03:54:239 [01192] | INFO  | Redirecting RegisterClassA(lpWndClass = 0019FC3C { XTPDockingPaneMiniWnd }) ...
13:03:54:239 [01192] | INFO  | > Adding 'CS_OWNDC' window class style flag to 'XTPDockingPaneMiniWnd'.
13:03:54:251 [01192] | INFO  | Redirecting RegisterClassA(lpWndClass = 0019FD80 { AfxFrameOrView80 }) ...
13:03:54:252 [01192] | INFO  | > Adding 'CS_OWNDC' window class style flag to 'AfxFrameOrView80'.
13:03:54:253 [01192] | INFO  | Redirecting RegisterClassA(lpWndClass = 0019FCF8 { AfxMDIFrame80 }) ...
13:03:54:253 [01192] | INFO  | > Adding 'CS_OWNDC' window class style flag to 'AfxMDIFrame80'.
13:03:54:253 [01192] | INFO  | Redirecting RegisterClassA(lpWndClass = 0019FCF4 { Afx:00400000:0:00000000:00000000:028007F5 }) ...
13:03:54:254 [01192] | INFO  | > Adding 'CS_OWNDC' window class style flag to 'Afx:00400000:0:00000000:00000000:028007F5'.
13:03:54:274 [01192] | INFO  | Redirecting RegisterClassA(lpWndClass = 0019F370 { XTPDockBar }) ...
13:03:54:275 [01192] | INFO  | > Adding 'CS_OWNDC' window class style flag to 'XTPDockBar'.
13:03:54:330 [01192] | INFO  | Redirecting RegisterClassA(lpWndClass = 0019F2EC { XTPToolBar }) ...
13:03:54:330 [01192] | INFO  | > Adding 'CS_OWNDC' window class style flag to 'XTPToolBar'.
13:03:54:526 [01192] | INFO  | Installing delayed hooks for "C:\WINDOWS\system32\d3d11.dll" (Just loaded via LoadLibrary("RICHED20.DLL")) ...
13:03:54:527 [01192] | INFO  | > Found 2 match(es). Installing ...
13:03:54:614 [01192] | INFO  | Redirecting RegisterClassExA(lpWndClassEx = 00885E90 { Roblox.MarshalWindow }) ...
13:03:54:614 [01192] | INFO  | > Adding 'CS_OWNDC' window class style flag to 'Roblox.MarshalWindow'.
13:03:54:622 [01192] | INFO  | Redirecting RegisterClassA(lpWndClass = 0019EF9C { XTPPropertyGrid }) ...
13:03:54:622 [01192] | INFO  | > Adding 'CS_OWNDC' window class style flag to 'XTPPropertyGrid'.
13:03:54:780 [01192] | INFO  | Redirecting RegisterClassA(lpWndClass = 0019EC68 { Afx:00400000:8:00010003:00000000:00000000 }) ...
13:03:54:781 [01192] | INFO  | > Adding 'CS_OWNDC' window class style flag to 'Afx:00400000:8:00010003:00000000:00000000'.
13:03:55:337 [01192] | INFO  | Redirecting CreateDXGIFactory1(riid = {50C83A1C-E072-4C48-87B0-3630FA36A6D0}, ppFactory = 001993E0) ...
13:03:55:347 [01192] | INFO  | Redirecting D3D11CreateDevice(pAdapter = 00C89950, DriverType = 0, Software = 00000000, Flags = 0x29, pFeatureLevels = 00000000, FeatureLevels = 0, SDKVersion = 7, ppDevice = 00199234, pFeatureLevel = 00199220, ppImmediateContext = 00000000) ...
13:03:55:347 [01192] | INFO  | > Passing on to D3D11CreateDeviceAndSwapChain:
13:03:55:347 [01192] | INFO  | Redirecting D3D11CreateDeviceAndSwapChain(pAdapter = 00C89950, DriverType = 0, Software = 00000000, Flags = 0x29, pFeatureLevels = 00000000, FeatureLevels = 0, SDKVersion = 7, pSwapChainDesc = 00000000, ppSwapChain = 00000000, ppDevice = 00199234, pFeatureLevel = 00199220, ppImmediateContext = 00000000) ...
13:03:55:360 [01192] | INFO  | > Using feature level 0xb000.
13:03:55:361 [01192] | WARN  | Skipping device because it uses the Microsoft Basic Render Driver.
13:03:55:381 [14852] | INFO  | Redirecting CreateDXGIFactory(riid = {7B7166EC-21C7-44AE-B21A-C9AE321AE369}, ppFactory = 07B9EBA0) ...
13:03:55:381 [14852] | INFO  | > Passing on to CreateDXGIFactory1:
13:03:55:382 [14852] | INFO  | Redirecting CreateDXGIFactory1(riid = {7B7166EC-21C7-44AE-B21A-C9AE321AE369}, ppFactory = 07B9EBA0) ...
13:03:55:382 [01192] | INFO  | Installing delayed hooks for "C:\WINDOWS\system32\d2d1.dll" (Just loaded via LoadLibrary("API-MS-WIN-CORE-WINRT-STRING-L1-1-0.DLL")) ...
13:03:55:382 [01192] | INFO  | > Found 2 match(es). Installing ...
13:03:55:625 [14852] | INFO  | Redirecting CreateDXGIFactory(riid = {7B7166EC-21C7-44AE-B21A-C9AE321AE369}, ppFactory = 07B9EBA0) ...
13:03:55:626 [14852] | INFO  | > Passing on to CreateDXGIFactory1:
13:03:55:626 [14852] | INFO  | Redirecting CreateDXGIFactory1(riid = {7B7166EC-21C7-44AE-B21A-C9AE321AE369}, ppFactory = 07B9EBA0) ...
13:04:00:919 [01192] | INFO  | Redirecting RegisterClassA(lpWndClass = 0019FA38 { Afx:00400000:820:00010003:00000000:00000000 }) ...
13:04:01:527 [01192] | INFO  | Redirecting RegisterClassA(lpWndClass = 0019FA24 { Afx:00400000:0:00010003:00000000:00000000 }) ...
13:04:01:527 [01192] | INFO  | > Adding 'CS_OWNDC' window class style flag to 'Afx:00400000:0:00010003:00000000:00000000'.
13:04:11:641 [01192] | INFO  | Exiting ...
13:04:11:649 [01192] | INFO  | Uninstalling 39 hook(s) ...
13:04:12:733 [01192] | INFO  | Finished exiting.
