10:25:03:483 [11100] | INFO  | Initializing crosire's ReShade version '4.9.1.1' (32-bit) built on '2021-09-11 12:46:12' loaded from "C:\Users\revad\Downloads\novetus-windows\clients\2007E-Shaders\OPENGL32.DLL" into "C:\Users\revad\Downloads\novetus-windows\clients\2007E-Shaders\RobloxApp_solo.exe" ...
10:25:03:546 [11100] | INFO  | Registering hooks for "user32.dll" ...
10:25:03:547 [11100] | INFO  | > Libraries loaded.
10:25:03:548 [11100] | INFO  | > Found 14 match(es). Installing ...
10:25:03:611 [11100] | INFO  | Registering hooks for "ws2_32.dll" ...
10:25:03:612 [11100] | INFO  | > Libraries loaded.
10:25:03:612 [11100] | INFO  | > Found 8 match(es). Installing ...
10:25:03:683 [11100] | INFO  | Registering hooks for "C:\WINDOWS\system32\d2d1.dll" ...
10:25:03:684 [11100] | INFO  | > Delayed.
10:25:03:684 [11100] | INFO  | Registering hooks for "C:\WINDOWS\system32\d3d9.dll" ...
10:25:03:685 [11100] | INFO  | > Delayed.
10:25:03:685 [11100] | INFO  | Registering hooks for "C:\WINDOWS\system32\d3d10.dll" ...
10:25:03:686 [11100] | INFO  | > Delayed.
10:25:03:686 [11100] | INFO  | Registering hooks for "C:\WINDOWS\system32\d3d10_1.dll" ...
10:25:03:687 [11100] | INFO  | > Delayed.
10:25:03:687 [11100] | INFO  | Registering hooks for "C:\WINDOWS\system32\d3d11.dll" ...
10:25:03:688 [11100] | INFO  | > Delayed.
10:25:03:688 [11100] | INFO  | Registering hooks for "C:\WINDOWS\system32\d3d12.dll" ...
10:25:03:689 [11100] | INFO  | > Delayed.
10:25:03:689 [11100] | INFO  | Registering hooks for "C:\WINDOWS\system32\dxgi.dll" ...
10:25:03:690 [11100] | INFO  | > Delayed.
10:25:03:691 [11100] | INFO  | Registering hooks for "C:\WINDOWS\system32\opengl32.dll" ...
10:25:03:691 [11100] | INFO  | > Delayed until first call to an exported function.
10:25:03:691 [11100] | INFO  | Registering hooks for "vrclient.dll" ...
10:25:03:691 [11100] | INFO  | > Delayed.
10:25:03:692 [11100] | INFO  | Initialized.
10:25:03:780 [11100] | INFO  | Redirecting RegisterClassA(lpWndClass = 0019FE1C { ROBLOX-ATOM }) ...
10:25:03:781 [11100] | INFO  | > Adding 'CS_OWNDC' window class style flag to 'ROBLOX-ATOM'.
10:25:03:845 [11100] | INFO  | Redirecting RegisterClassExA(lpWndClassEx = 008822A8 { Roblox.Marshaller }) ...
10:25:03:846 [11100] | INFO  | > Adding 'CS_OWNDC' window class style flag to 'Roblox.Marshaller'.
10:25:03:848 [11100] | INFO  | Installing delayed hooks for "C:\WINDOWS\system32\dxgi.dll" (Just loaded via LoadLibrary("kernel32.dll")) ...
10:25:03:849 [11100] | INFO  | > Found 5 match(es). Installing ...
10:25:03:944 [11100] | INFO  | Redirecting RegisterClassA(lpWndClass = 0019FC6C { XTPDockingPaneSplitter }) ...
10:25:03:944 [11100] | INFO  | > Adding 'CS_OWNDC' window class style flag to 'XTPDockingPaneSplitter'.
10:25:03:944 [11100] | INFO  | Redirecting RegisterClassA(lpWndClass = 0019FC60 { XTPDockingPaneTabbedContainer }) ...
10:25:03:945 [11100] | INFO  | > Adding 'CS_OWNDC' window class style flag to 'XTPDockingPaneTabbedContainer'.
10:25:03:945 [11100] | INFO  | Redirecting RegisterClassA(lpWndClass = 0019FC54 { XTPDockingPaneManager }) ...
10:25:03:945 [11100] | INFO  | > Adding 'CS_OWNDC' window class style flag to 'XTPDockingPaneManager'.
10:25:03:945 [11100] | INFO  | Redirecting RegisterClassA(lpWndClass = 0019FC48 { XTPDockingPaneAutoHidePanel }) ...
10:25:03:946 [11100] | INFO  | > Adding 'CS_OWNDC' window class style flag to 'XTPDockingPaneAutoHidePanel'.
10:25:03:946 [11100] | INFO  | Redirecting RegisterClassA(lpWndClass = 0019FC3C { XTPDockingPaneMiniWnd }) ...
10:25:03:946 [11100] | INFO  | > Adding 'CS_OWNDC' window class style flag to 'XTPDockingPaneMiniWnd'.
10:25:03:956 [11100] | INFO  | Redirecting RegisterClassA(lpWndClass = 0019FD80 { AfxFrameOrView80 }) ...
10:25:03:956 [11100] | INFO  | > Adding 'CS_OWNDC' window class style flag to 'AfxFrameOrView80'.
10:25:03:957 [11100] | INFO  | Redirecting RegisterClassA(lpWndClass = 0019FCF8 { AfxMDIFrame80 }) ...
10:25:03:958 [11100] | INFO  | > Adding 'CS_OWNDC' window class style flag to 'AfxMDIFrame80'.
10:25:03:958 [11100] | INFO  | Redirecting RegisterClassA(lpWndClass = 0019FCF4 { Afx:00400000:0:00000000:00000000:001D09E7 }) ...
10:25:03:958 [11100] | INFO  | > Adding 'CS_OWNDC' window class style flag to 'Afx:00400000:0:00000000:00000000:001D09E7'.
10:25:03:980 [11100] | INFO  | Redirecting RegisterClassA(lpWndClass = 0019F370 { XTPDockBar }) ...
10:25:03:981 [11100] | INFO  | > Adding 'CS_OWNDC' window class style flag to 'XTPDockBar'.
10:25:04:041 [11100] | INFO  | Redirecting RegisterClassA(lpWndClass = 0019F2EC { XTPToolBar }) ...
10:25:04:041 [11100] | INFO  | > Adding 'CS_OWNDC' window class style flag to 'XTPToolBar'.
10:25:04:266 [11100] | INFO  | Installing delayed hooks for "C:\WINDOWS\system32\d3d11.dll" (Just loaded via LoadLibrary("RICHED20.DLL")) ...
10:25:04:266 [11100] | INFO  | > Found 2 match(es). Installing ...
10:25:04:360 [11100] | INFO  | Redirecting RegisterClassExA(lpWndClassEx = 00885E90 { Roblox.MarshalWindow }) ...
10:25:04:361 [11100] | INFO  | > Adding 'CS_OWNDC' window class style flag to 'Roblox.MarshalWindow'.
10:25:04:368 [11100] | INFO  | Redirecting RegisterClassA(lpWndClass = 0019EF9C { XTPPropertyGrid }) ...
10:25:04:368 [11100] | INFO  | > Adding 'CS_OWNDC' window class style flag to 'XTPPropertyGrid'.
10:25:04:549 [11100] | INFO  | Redirecting RegisterClassA(lpWndClass = 0019EC68 { Afx:00400000:8:00010003:00000000:00000000 }) ...
10:25:04:549 [11100] | INFO  | > Adding 'CS_OWNDC' window class style flag to 'Afx:00400000:8:00010003:00000000:00000000'.
10:25:04:903 [11100] | INFO  | Redirecting CreateDXGIFactory1(riid = {50C83A1C-E072-4C48-87B0-3630FA36A6D0}, ppFactory = 0019AD80) ...
10:25:04:909 [11100] | INFO  | Redirecting D3D11CreateDevice(pAdapter = 05683E30, DriverType = 0, Software = 00000000, Flags = 0x29, pFeatureLevels = 00000000, FeatureLevels = 0, SDKVersion = 7, ppDevice = 0019ABD4, pFeatureLevel = 0019ABC0, ppImmediateContext = 00000000) ...
10:25:04:909 [11100] | INFO  | > Passing on to D3D11CreateDeviceAndSwapChain:
10:25:04:910 [11100] | INFO  | Redirecting D3D11CreateDeviceAndSwapChain(pAdapter = 05683E30, DriverType = 0, Software = 00000000, Flags = 0x29, pFeatureLevels = 00000000, FeatureLevels = 0, SDKVersion = 7, pSwapChainDesc = 00000000, ppSwapChain = 00000000, ppDevice = 0019ABD4, pFeatureLevel = 0019ABC0, ppImmediateContext = 00000000) ...
10:25:04:918 [11100] | INFO  | > Using feature level 0xb000.
10:25:04:918 [11100] | WARN  | Skipping device because it uses the Microsoft Basic Render Driver.
10:25:04:928 [07344] | INFO  | Redirecting CreateDXGIFactory(riid = {7B7166EC-21C7-44AE-B21A-C9AE321AE369}, ppFactory = 0597E4E0) ...
10:25:04:928 [07344] | INFO  | > Passing on to CreateDXGIFactory1:
10:25:04:929 [07344] | INFO  | Redirecting CreateDXGIFactory1(riid = {7B7166EC-21C7-44AE-B21A-C9AE321AE369}, ppFactory = 0597E4E0) ...
10:25:04:929 [11100] | INFO  | Installing delayed hooks for "C:\WINDOWS\system32\d2d1.dll" (Just loaded via LoadLibrary("API-MS-WIN-CORE-WINRT-STRING-L1-1-0.DLL")) ...
10:25:04:930 [11100] | INFO  | > Found 2 match(es). Installing ...
10:25:05:051 [07344] | INFO  | Redirecting CreateDXGIFactory(riid = {7B7166EC-21C7-44AE-B21A-C9AE321AE369}, ppFactory = 0597E4E0) ...
10:25:05:052 [07344] | INFO  | > Passing on to CreateDXGIFactory1:
10:25:05:052 [07344] | INFO  | Redirecting CreateDXGIFactory1(riid = {7B7166EC-21C7-44AE-B21A-C9AE321AE369}, ppFactory = 0597E4E0) ...
10:25:10:588 [11100] | INFO  | Redirecting RegisterClassA(lpWndClass = 0019FA38 { Afx:00400000:820:00010003:00000000:00000000 }) ...
10:25:12:252 [11100] | INFO  | Redirecting RegisterClassA(lpWndClass = 0019FA24 { Afx:00400000:0:00010003:00000000:00000000 }) ...
10:25:12:252 [11100] | INFO  | > Adding 'CS_OWNDC' window class style flag to 'Afx:00400000:0:00010003:00000000:00000000'.
10:25:13:834 [11100] | INFO  | Exiting ...
10:25:13:836 [11100] | INFO  | Uninstalling 39 hook(s) ...
10:25:14:917 [11100] | INFO  | Finished exiting.
